<?xml version="1.0" encoding="UTF-8"?>
<TestRun id="fad8fb3a-49eb-4846-aa25-e032c9d5042d" name="smccarthy@CAMERON 2009-01-25 17:20:08" runUser="CAMERON\smccarthy" xmlns="http://microsoft.com/schemas/VisualStudio/TeamTest/2006">
  <TestRunConfiguration name="Local Test Run" id="c33c086e-1a02-4ada-95da-b9dbc409887c">
    <Description>This is a default test run configuration for a local test run.</Description>
    <Deployment runDeploymentRoot="Z:\unityai-core\TestResults\smccarthy_CAMERON 2009-01-25 17_20_08">
      <DeploymentItem filename="Z:\unityai-core\UnityAI.Core\bin\Debug\UnityAI.Core.dll" />
    </Deployment>
    <TestTypeSpecific />
  </TestRunConfiguration>
  <ResultSummary outcome="Error">
    <Counters total="1" error="0" failed="0" timeout="0" aborted="0" inconclusive="0" passedButRunAborted="0" notRunnable="0" notExecuted="1" disconnected="0" warning="0" passed="0" completed="0" inProgress="0" pending="0" />
    <RunInfos>
      <RunInfo computerName="CAMERON" outcome="Error" timestamp="2009-01-25T17:20:10.5071395-07:00">
        <Text>Failed to queue test run 'smccarthy@CAMERON 2009-01-25 17:20:08': Test Run deployment issue: The location of the file or directory 'z:\unityai-core\unityai.test\bin\debug\unityai.test.dll' is not trusted.</Text>
        <Exception>Microsoft.VisualStudio.TestTools.TestManagement.ExecutionException: Test Run deployment issue: The location of the file or directory 'z:\unityai-core\unityai.test\bin\debug\unityai.test.dll' is not trusted.
   at Microsoft.VisualStudio.TestTools.TestManagement.DeploymentManager.DoDeployment(TestRun run, FileCopyService fileCopyService)
   at Microsoft.VisualStudio.TestTools.TestManagement.ControllerProxy.SetupTestRun(TestRun run, Boolean isNewTestRun, FileCopyService&amp; fileCopyService)
   at Microsoft.VisualStudio.TestTools.TestManagement.ControllerProxy.QueueTestRunWorker(Object state)</Exception>
      </RunInfo>
    </RunInfos>
  </ResultSummary>
  <Times creation="2009-01-25T17:20:08.6332360-07:00" queuing="2009-01-25T17:20:08.6332360-07:00" start="2009-01-25T17:20:08.6332360-07:00" finish="2009-01-25T17:20:10.5295990-07:00" />
  <TestDefinitions>
    <UnitTest name="PlanOrderTest" storage="z:\unityai-core\unityai.test\bin\debug\unityai.test.dll" id="e97f8ba9-159c-8778-93a6-01d1077e7a06">
      <Css projectStructure="" iteration="" />
      <Owners>
        <Owner name="" />
      </Owners>
      <TestMethod codeBase="Z:\unityai-core\UnityAI.Test\bin\Debug\UnityAI.Test.dll" adapterTypeName="Microsoft.VisualStudio.TestTools.TestTypes.Unit.UnitTestAdapter, Microsoft.VisualStudio.QualityTools.Tips.UnitTest.Adapter, Version=9.0.0.0, Culture=neutral, PublicKeyToken=b03f5f7f11d50a3a" className="UnityAI.Test.PartialOrderPlannerTest, UnityAI.Test" name="PlanOrderTest" />
    </UnitTest>
  </TestDefinitions>
  <TestLists>
    <TestList name="Results Not in a List" id="8c84fa94-04c1-424b-9868-57a2d4851a1d" />
    <TestList name="All Loaded Results" id="19431567-8539-422a-85d7-44ee4e166bda" />
  </TestLists>
  <TestEntries>
    <TestEntry testId="e97f8ba9-159c-8778-93a6-01d1077e7a06" executionId="181c1ed6-9d0f-4b82-817c-75a5bcf1a394" testListId="8c84fa94-04c1-424b-9868-57a2d4851a1d" />
  </TestEntries>
  <Results>
    <UnitTestResult executionId="181c1ed6-9d0f-4b82-817c-75a5bcf1a394" testId="e97f8ba9-159c-8778-93a6-01d1077e7a06" testName="PlanOrderTest" computerName="CAMERON" duration="00:00:00" startTime="0001-01-01T00:00:00.0000000-07:00" endTime="0001-01-01T00:00:00.0000000-07:00" testType="13cdc9d9-ddb5-4fa4-a97d-d965ccfc6d4b" outcome="NotExecuted" testListId="8c84fa94-04c1-424b-9868-57a2d4851a1d">
    </UnitTestResult>
  </Results>
</TestRun>